mode: set
github.com/vuvanthanhtb/go-ecommerce-backend-api/tests/basic/main.go:5.26,7.2 1 1
github.com/vuvanthanhtb/go-ecommerce-backend-api/tests/basic/main.go:9.26,10.12 1 1
github.com/vuvanthanhtb/go-ecommerce-backend-api/tests/basic/main.go:10.12,12.3 1 0
github.com/vuvanthanhtb/go-ecommerce-backend-api/tests/basic/main.go:13.2,13.16 1 1
